C:/Users/maxim/Documents/Maximilien/cours/[ENIB] S7/WORKSPACE_RESCAPT_STM32CUBEIDE/rescapt/CMSIS/core/core_cm3.h:1524:22:NVIC_SetPriority	2
C:/Users/maxim/Documents/Maximilien/cours/[ENIB] S7/WORKSPACE_RESCAPT_STM32CUBEIDE/rescapt/CMSIS/core/core_cm3.h:1616:22:NVIC_SystemReset	1
C:/Users/maxim/Documents/Maximilien/cours/[ENIB] S7/WORKSPACE_RESCAPT_STM32CUBEIDE/rescapt/CMSIS/core/core_cm3.h:1656:26:SysTick_Config	2
../src/main.c:54:5:main	1
../src/main.c:167:6:can_callback	2
../src/main.c:180:6:HAL_TIM_PeriodElapsedCallback	1
../src/main.c:187:6:VL6180x_Init	1
../src/main.c:216:6:VL6180x_Step	13
../src/main.c:292:6:SendEnvironmentalData	1
../src/main.c:346:6:send_lum_dist	13
